'GGKMS.finite_bayesian_dominant_equivalence' depends on axioms: [propext, sorryAx, Classical.choice, Quot.sound]
'GGKMS.weighted_monotone_lifting' depends on axioms: [propext, sorryAx, Classical.choice, Quot.sound]
'GGKMS.minimizer_monotone' depends on axioms: [propext, sorryAx, Classical.choice, Quot.sound]
'GGKMS.value' depends on axioms: [propext, Classical.choice, Quot.sound]
'GGKMS.Feasible' depends on axioms: [propext, Classical.choice, Quot.sound]
'GGKMS.energy' depends on axioms: [propext, Classical.choice, Quot.sound]
'GGKMS.Profile' does not depend on any axioms
'GGKMS.Opponents' does not depend on any axioms
'GGKMS.pack' depends on axioms: [propext, Classical.choice, Quot.sound]
'GGKMS.joint' depends on axioms: [propext, Classical.choice, Quot.sound]
'GGKMS.opponentMass' depends on axioms: [propext, Classical.choice, Quot.sound]
'GGKMS.SupportPrior' depends on axioms: [propext, Classical.choice, Quot.sound]
'GGKMS.interim' depends on axioms: [propext, Classical.choice, Quot.sound]
'GGKMS.exAnte' depends on axioms: [propext, Classical.choice, Quot.sound]
'GGKMS.slope' depends on axioms: [propext, Classical.choice, Quot.sound]
'GGKMS.Matches' depends on axioms: [propext, Classical.choice, Quot.sound]
'GGKMS.Types' does not depend on any axioms
'GGKMS.modified' depends on axioms: [propext, Classical.choice, Quot.sound]
'GGKMS.payoff' depends on axioms: [propext, Classical.choice, Quot.sound]
'GGKMS.interimPayoff' depends on axioms: [propext, Classical.choice, Quot.sound]
'GGKMS.BIC' depends on axioms: [propext, Classical.choice, Quot.sound]
'GGKMS.DIC' depends on axioms: [propext, Classical.choice, Quot.sound]
'GGKMS.modifiedInterim' depends on axioms: [propext, Classical.choice, Quot.sound]
'GGKMS.socialSurplus' depends on axioms: [propext, Classical.choice, Quot.sound]
'GGKMS.Transfers.ScalarIC' depends on axioms: [propext, Classical.choice, Quot.sound]
'GGKMS.Transfers.AdjacentIC' depends on axioms: [propext, Classical.choice, Quot.sound]
'GGKMS.PositiveSupport' depends on axioms: [propext, Classical.choice, Quot.sound]
'GGKMS.positiveSupportFintype' depends on axioms: [propext, Classical.choice, Quot.sound]
'GGKMS.positiveSupportDecidableEq' depends on axioms: [propext, Classical.choice, Quot.sound]
