ENV-AUDIT Gershkov.Examples Gershkov.Examples.lifted: [propext, Classical.choice, Quot.sound]
ENV-AUDIT Gershkov.Transfers Gershkov.Transfers.mean_const: [propext, Classical.choice, Quot.sound]
ENV-AUDIT Solution GGKMS.pack: [propext, Classical.choice, Quot.sound]
ENV-AUDIT Gershkov.Mechanism Gershkov.modifiedInterim.eq_1: [propext, Classical.choice, Quot.sound]
ENV-AUDIT Gershkov.Examples Gershkov.Examples.nonzero_constants_surplus: [propext, Classical.choice, Quot.sound]
ENV-AUDIT Solution GGKMS.modifiedInterim: [propext, Classical.choice, Quot.sound]
ENV-AUDIT Gershkov.Smoothing Gershkov.value: [propext, Classical.choice, Quot.sound]
ENV-AUDIT Gershkov.Support Gershkov.opponent_expectation_on_support: [propext, Classical.choice, Quot.sound]
ENV-AUDIT Gershkov.Model Gershkov.Opponents: []
ENV-AUDIT Gershkov.Smoothing Gershkov.value_mixPair_left: [propext, Classical.choice, Quot.sound]
ENV-AUDIT Gershkov.Examples Gershkov.Examples.secondPrior._proof_1: [propext]
ENV-AUDIT Gershkov.Mechanism Gershkov.payoff: [propext, Classical.choice, Quot.sound]
ENV-AUDIT Gershkov.Transfers Gershkov.Transfers.Iio_succ_eq_insert: [propext, Classical.choice, Quot.sound]
ENV-AUDIT Gershkov.Model Gershkov.pack.congr_simp: [propext, Classical.choice, Quot.sound]
ENV-AUDIT Gershkov.Compactness Gershkov.slope_continuous: [propext, Classical.choice, Quot.sound]
ENV-AUDIT Gershkov.Model Gershkov.pack_other: [propext, Classical.choice, Quot.sound]
ENV-AUDIT Solution GGKMS.exAnte: [propext, Classical.choice, Quot.sound]
ENV-AUDIT Gershkov.Smoothing Gershkov.value.eq_1: [propext, Classical.choice, Quot.sound]
ENV-AUDIT Solution GGKMS.Transfers.AdjacentIC: [propext, Classical.choice, Quot.sound]
ENV-AUDIT Gershkov.Examples Gershkov.Examples.secondPrior: [propext, Classical.choice, Quot.sound]
ENV-AUDIT Gershkov.Transfers Gershkov.Transfers.ic_of_adjacent: [propext, Classical.choice, Quot.sound]
ENV-AUDIT Gershkov.Examples Gershkov.Examples.secondTransfer: [propext, Classical.choice, Quot.sound]
ENV-AUDIT Solution GGKMS.socialSurplus: [propext, Classical.choice, Quot.sound]
ENV-AUDIT Gershkov.Examples Gershkov.Examples.types.eq_1: [propext, Classical.choice, Quot.sound]
ENV-AUDIT Solution GGKMS.Transfers.ScalarIC: [propext, Classical.choice, Quot.sound]
ENV-AUDIT Gershkov.Examples Gershkov.Examples.secondTransfer._proof_1: [propext]
ENV-AUDIT Gershkov.Model Gershkov.interim_sub: [propext, Classical.choice, Quot.sound]
ENV-AUDIT Gershkov.Examples Gershkov.Examples.allocation.eq_1: [propext, Classical.choice, Quot.sound]
ENV-AUDIT Gershkov.Model Gershkov.exAnte_interim: [propext, Classical.choice, Quot.sound]
ENV-AUDIT Solution GGKMS.BIC: [propext, Classical.choice, Quot.sound]
ENV-AUDIT Gershkov.Examples Gershkov.Examples.allocation: [propext, Classical.choice, Quot.sound]
ENV-AUDIT Gershkov.Compactness Gershkov.feasible_entry_le_one: [propext, Classical.choice, Quot.sound]
ENV-AUDIT Gershkov.Mechanism Gershkov.payoff.congr_simp: [propext, Classical.choice, Quot.sound]
ENV-AUDIT Gershkov.Model Gershkov.SupportPrior: [propext, Classical.choice, Quot.sound]
ENV-AUDIT Gershkov.Model Gershkov.joint: [propext, Classical.choice, Quot.sound]
ENV-AUDIT Gershkov.Mechanism Gershkov.interimPayoff.eq_1: [propext, Classical.choice, Quot.sound]
ENV-AUDIT Gershkov.Examples Gershkov.Examples.flat_coefficient: [propext, Classical.choice, Quot.sound]
ENV-AUDIT Solution GGKMS.value: [propext, Classical.choice, Quot.sound]
ENV-AUDIT Gershkov.Transfers Gershkov.Transfers.transfer: [propext, Classical.choice, Quot.sound]
ENV-AUDIT Solution GGKMS.interim: [propext, Classical.choice, Quot.sound]
ENV-AUDIT Gershkov.Lifting Gershkov.minimizer_monotone: [propext, Classical.choice, Quot.sound]
ENV-AUDIT Gershkov.Examples Gershkov.Examples.secondSlope.eq_1: [propext, Classical.choice, Quot.sound]
ENV-AUDIT Gershkov.Transfers Gershkov.Transfers.mean.eq_1: [propext, Classical.choice, Quot.sound]
ENV-AUDIT Gershkov.Transfers Gershkov.Transfers.AdjacentIC: [propext, Classical.choice, Quot.sound]
ENV-AUDIT Gershkov.Model Gershkov.opponentMass.congr_simp: [propext, Classical.choice, Quot.sound]
ENV-AUDIT Gershkov.Model Gershkov.opponentMass_sum: [propext, Classical.choice, Quot.sound]
ENV-AUDIT Gershkov.Examples Gershkov.Examples.firstPrior._proof_1: [propext]
ENV-AUDIT Gershkov.Model Gershkov.joint_pack: [propext, Classical.choice, Quot.sound]
ENV-AUDIT Gershkov.Mechanism Gershkov.exAnte.eq_1: [propext, Classical.choice, Quot.sound]
ENV-AUDIT Gershkov.Model Gershkov.pack_self: [propext, Classical.choice, Quot.sound]
ENV-AUDIT Gershkov.Examples Gershkov.Examples.allocations_feasible: [propext, Classical.choice, Quot.sound]
ENV-AUDIT Gershkov.Equivalence Gershkov.transfers_for_matching_allocation: [propext, Classical.choice, Quot.sound]
ENV-AUDIT Gershkov.Model Gershkov.exAnte: [propext, Classical.choice, Quot.sound]
ENV-AUDIT Solution GGKMS.payoff: [propext, Classical.choice, Quot.sound]
ENV-AUDIT Solution GGKMS.minimizer_monotone: [propext, Classical.choice, Quot.sound]
ENV-AUDIT Gershkov.Examples Gershkov.Examples.allocation._proof_1: [propext]
ENV-AUDIT Gershkov.Smoothing Gershkov.doubleMix_moment: [propext, Classical.choice, Quot.sound]
ENV-AUDIT Gershkov.Examples Gershkov.Examples.firstTransfer.eq_1: [propext, Classical.choice, Quot.sound]
ENV-AUDIT Gershkov.Model Gershkov.slope: [propext, Classical.choice, Quot.sound]
ENV-AUDIT Gershkov.Support Gershkov.positiveSupportDecidableEq: [propext, Classical.choice, Quot.sound]
ENV-AUDIT Gershkov.Transfers Gershkov.Transfers.constructed_transfer_ic: [propext, Classical.choice, Quot.sound]
ENV-AUDIT Gershkov.Examples Gershkov.Examples.lifted._proof_5: [propext]
ENV-AUDIT Gershkov.Examples Gershkov.Examples.firstPrior._proof_2: [propext]
ENV-AUDIT Gershkov.Examples Gershkov.Examples.types: [propext, Classical.choice, Quot.sound]
ENV-AUDIT Gershkov.Compactness Gershkov.matches_isClosed: [propext, Classical.choice, Quot.sound]
ENV-AUDIT Gershkov.Smoothing Gershkov.mixPair.congr_simp: [propext, Classical.choice, Quot.sound]
ENV-AUDIT Gershkov.Mechanism Gershkov.slope.eq_1: [propext, Classical.choice, Quot.sound]
ENV-AUDIT Gershkov.Examples Gershkov.Examples.firstSlope._proof_1: [propext]
ENV-AUDIT Gershkov.Mechanism Gershkov.bic_scalar: [propext, Classical.choice, Quot.sound]
ENV-AUDIT Solution GGKMS.energy: [propext, Classical.choice, Quot.sound]
ENV-AUDIT Gershkov.Transfers Gershkov.Transfers.mean_mul: [propext, Classical.choice, Quot.sound]
ENV-AUDIT Gershkov.Examples Gershkov.Examples.singleton_transfer: [propext, Classical.choice, Quot.sound]
ENV-AUDIT Solution GGKMS.positiveSupportFintype: [propext, Classical.choice, Quot.sound]
ENV-AUDIT Gershkov.Transfers Gershkov.Transfers.adjacent_of_ic: [propext, Classical.choice, Quot.sound]
ENV-AUDIT Gershkov.Examples Gershkov.Examples.types_strictMono: [propext, Classical.choice, Quot.sound]
ENV-AUDIT Gershkov.Examples Gershkov.Examples.firstTransfer._proof_1: [propext]
ENV-AUDIT Gershkov.Examples Gershkov.Examples.lifted._proof_1: [propext]
ENV-AUDIT Gershkov.Smoothing Gershkov.value_mixPair_right: [propext, Classical.choice, Quot.sound]
ENV-AUDIT Gershkov.Examples Gershkov.Examples.negativeTypes.eq_1: [propext, Classical.choice, Quot.sound]
ENV-AUDIT Gershkov.Examples Gershkov.Examples.lifted._proof_7: [propext]
ENV-AUDIT Gershkov.Model Gershkov.opponentMass.eq_1: [propext, Classical.choice, Quot.sound]
ENV-AUDIT Gershkov.Mechanism Gershkov.interimPayoff_modified: [propext, Classical.choice, Quot.sound]
ENV-AUDIT Gershkov.Examples Gershkov.Examples.weighted_marginals: [propext, Classical.choice, Quot.sound]
ENV-AUDIT Gershkov.Smoothing Gershkov.mixPair_other: [propext, Classical.choice, Quot.sound]
ENV-AUDIT Gershkov.Model Gershkov.fiber_moment: [propext, Classical.choice, Quot.sound]
ENV-AUDIT Gershkov.Mechanism Gershkov.interimPayoff: [propext, Classical.choice, Quot.sound]
ENV-AUDIT Gershkov.Examples Gershkov.Examples.original_not_dic: [propext, Classical.choice, Quot.sound]
ENV-AUDIT Gershkov.Smoothing Gershkov.mixPair_feasible: [propext, Classical.choice, Quot.sound]
ENV-AUDIT Gershkov.Model Gershkov.interim: [propext, Classical.choice, Quot.sound]
ENV-AUDIT Gershkov.Transfers Gershkov.Transfers.transfer_adjacent_delta: [propext, Classical.choice, Quot.sound]
ENV-AUDIT Gershkov.Lifting Gershkov.weighted_monotone_lifting: [propext, Classical.choice, Quot.sound]
ENV-AUDIT Gershkov.Examples Gershkov.Examples.original_bic: [propext, Classical.choice, Quot.sound]
ENV-AUDIT Gershkov.Smoothing Gershkov.mixPair: [propext, Classical.choice, Quot.sound]
ENV-AUDIT Gershkov.Transfers Gershkov.Transfers.ScalarIC: [propext, Classical.choice, Quot.sound]
ENV-AUDIT Solution GGKMS.Transfers.scalarIC_iff_monotone_adjacent: [propext, Classical.choice, Quot.sound]
ENV-AUDIT Gershkov.Model Gershkov.interim_add: [propext, Classical.choice, Quot.sound]
ENV-AUDIT Gershkov.Model Gershkov.joint_sum: [propext, Classical.choice, Quot.sound]
ENV-AUDIT Solution GGKMS.weighted_monotone_lifting: [propext, Classical.choice, Quot.sound]
ENV-AUDIT Gershkov.Compactness Gershkov.alternative_continuous: [propext, Classical.choice, Quot.sound]
ENV-AUDIT Gershkov.Smoothing Gershkov.Feasible: [propext, Classical.choice, Quot.sound]
ENV-AUDIT Solution GGKMS.opponentMass: [propext, Classical.choice, Quot.sound]
ENV-AUDIT Gershkov.Mechanism Gershkov.modified.eq_1: [propext, Classical.choice, Quot.sound]
ENV-AUDIT Solution GGKMS.DIC: [propext, Classical.choice, Quot.sound]
ENV-AUDIT Gershkov.Model Gershkov.interim_const: [propext, Classical.choice, Quot.sound]
ENV-AUDIT Gershkov.Examples Gershkov.Examples.constantSurplus.eq_1: [propext, Classical.choice, Quot.sound]
ENV-AUDIT Gershkov.Transfers Gershkov.Transfers.coefficient.eq_1: [propext, Classical.choice, Quot.sound]
ENV-AUDIT Gershkov.Mechanism Gershkov.socialSurplus: [propext, Classical.choice, Quot.sound]
ENV-AUDIT Gershkov.Examples Gershkov.Examples.secondSlope._proof_2: [propext]
ENV-AUDIT Gershkov.Examples Gershkov.Examples.constantSurplus: [propext, Classical.choice, Quot.sound]
ENV-AUDIT Gershkov.Mechanism Gershkov.exAnte_transfers_match: [propext, Classical.choice, Quot.sound]
ENV-AUDIT Gershkov.Support Gershkov.positiveSupportFintype: [propext, Classical.choice, Quot.sound]
ENV-AUDIT Gershkov.Lifting Gershkov.improving_perturbation: [propext, Classical.choice, Quot.sound]
ENV-AUDIT Solution GGKMS.modified: [propext, Classical.choice, Quot.sound]
ENV-AUDIT Gershkov.Transfers Gershkov.Transfers.scalarIC_iff_monotone_adjacent: [propext, Classical.choice, Quot.sound]
ENV-AUDIT Gershkov.Model Gershkov.pack: [propext, Classical.choice, Quot.sound]
ENV-AUDIT Gershkov.Smoothing Gershkov.doubleMix: [propext, Classical.choice, Quot.sound]
ENV-AUDIT Gershkov.Compactness Gershkov.feasible_isClosed: [propext, Classical.choice, Quot.sound]
ENV-AUDIT Gershkov.Mechanism Gershkov.DIC: [propext, Classical.choice, Quot.sound]
ENV-AUDIT Gershkov.Examples Gershkov.Examples.secondSlope: [propext, Classical.choice, Quot.sound]
ENV-AUDIT Solution GGKMS.interimPayoff: [propext, Classical.choice, Quot.sound]
ENV-AUDIT Gershkov.Mechanism Gershkov.BIC: [propext, Classical.choice, Quot.sound]
ENV-AUDIT Gershkov.Examples Gershkov.Examples.lifted_dic: [propext, Classical.choice, Quot.sound]
ENV-AUDIT Gershkov.Mechanism Gershkov.slope.congr_simp: [propext, Classical.choice, Quot.sound]
ENV-AUDIT Gershkov.Examples Gershkov.Examples.firstSlope._proof_2: [propext]
ENV-AUDIT Gershkov.Model Gershkov.interim.eq_1: [propext, Classical.choice, Quot.sound]
ENV-AUDIT Gershkov.Model Gershkov.pack.eq_1: [propext, Classical.choice, Quot.sound]
ENV-AUDIT Gershkov.Compactness Gershkov.exists_minimizer: [propext, Classical.choice, Quot.sound]
ENV-AUDIT Gershkov.Mechanism Gershkov.surplus_matches: [propext, Classical.choice, Quot.sound]
ENV-AUDIT Gershkov.Model Gershkov.joint.eq_1: [propext, Classical.choice, Quot.sound]
ENV-AUDIT Gershkov.Model Equiv.piSplitAt.eq_1: [propext, Classical.choice, Quot.sound]
ENV-AUDIT Gershkov.Smoothing Gershkov.mixPair_left: [propext, Classical.choice, Quot.sound]
ENV-AUDIT Gershkov.Examples Gershkov.Examples.original._proof_1: [propext]
ENV-AUDIT Gershkov.Mechanism Gershkov.exAnte_value: [propext, Classical.choice, Quot.sound]
ENV-AUDIT Gershkov.Mechanism Gershkov.modifiedInterim.congr_simp: [propext, Classical.choice, Quot.sound]
ENV-AUDIT Gershkov.Model Gershkov.pack_split: [propext, Classical.choice, Quot.sound]
ENV-AUDIT Gershkov.Smoothing Gershkov.doubleMix_energy_lt: [propext, Classical.choice, Quot.sound]
ENV-AUDIT Gershkov.Examples Gershkov.Examples.priors_positive_normalized: [propext, Classical.choice, Quot.sound]
ENV-AUDIT Gershkov.Examples Gershkov.Examples.lifted._proof_2: [propext]
ENV-AUDIT Solution GGKMS.Matches: [propext, Classical.choice, Quot.sound]
ENV-AUDIT Solution GGKMS.Opponents: []
ENV-AUDIT Gershkov.Transfers Gershkov.Transfers.coefficient_transfer_delta: [propext, Classical.choice, Quot.sound]
ENV-AUDIT Gershkov.Transfers Gershkov.Transfers.mean: [propext, Classical.choice, Quot.sound]
ENV-AUDIT Gershkov.Examples Gershkov.Examples.original._proof_2: [propext]
ENV-AUDIT Gershkov.Smoothing Gershkov.mixPair_moment: [propext, Classical.choice, Quot.sound]
ENV-AUDIT Gershkov.Examples Gershkov.Examples.firstPrior.eq_1: [propext, Classical.choice, Quot.sound]
ENV-AUDIT Gershkov.Examples Gershkov.Examples.firstSlope: [propext, Classical.choice, Quot.sound]
ENV-AUDIT Gershkov.Examples Gershkov.Examples.firstPrior: [propext, Classical.choice, Quot.sound]
ENV-AUDIT Gershkov.Mechanism Gershkov.modified: [propext, Classical.choice, Quot.sound]
ENV-AUDIT Gershkov.Examples Gershkov.Examples.secondPrior.eq_1: [propext, Classical.choice, Quot.sound]
ENV-AUDIT Gershkov.Model Gershkov.opponentMass: [propext, Classical.choice, Quot.sound]
ENV-AUDIT Gershkov.Mechanism Gershkov.modifiedInterim: [propext, Classical.choice, Quot.sound]
ENV-AUDIT Gershkov.Smoothing Gershkov.mixPair_energy: [propext, Classical.choice, Quot.sound]
ENV-AUDIT Gershkov.Examples Gershkov.Examples.firstTransfer: [propext, Classical.choice, Quot.sound]
ENV-AUDIT Gershkov.Examples Gershkov.Examples.secondSlope._proof_1: [propext]
ENV-AUDIT Gershkov.Examples Gershkov.Examples.lifted._proof_6: [propext]
ENV-AUDIT Gershkov.Compactness Gershkov.matches_isCompact: [propext, Classical.choice, Quot.sound]
ENV-AUDIT Gershkov.Mechanism Gershkov.exAnte_typeValue: [propext, Classical.choice, Quot.sound]
ENV-AUDIT Gershkov.Transfers Gershkov.Transfers.edge.eq_1: [propext, Classical.choice, Quot.sound]
ENV-AUDIT Solution GGKMS.finite_bayesian_dominant_equivalence: [propext, Classical.choice, Quot.sound]
ENV-AUDIT Gershkov.Examples Gershkov.Examples.lifted._proof_4: [propext]
ENV-AUDIT Solution GGKMS.positiveSupportDecidableEq: [propext, Classical.choice, Quot.sound]
ENV-AUDIT Solution GGKMS.Feasible: [propext, Classical.choice, Quot.sound]
ENV-AUDIT Solution GGKMS.product_expectation_on_support: [propext, Classical.choice, Quot.sound]
ENV-AUDIT Gershkov.Transfers Gershkov.Transfers.transfer_zero: [propext, Classical.choice, Quot.sound]
ENV-AUDIT Solution GGKMS.expectation_on_support: [propext, Classical.choice, Quot.sound]
ENV-AUDIT Solution GGKMS.Types: []
ENV-AUDIT Solution GGKMS.joint: [propext, Classical.choice, Quot.sound]
ENV-AUDIT Gershkov.Examples Gershkov.Examples.original: [propext, Classical.choice, Quot.sound]
ENV-AUDIT Gershkov.Examples Gershkov.Examples.negative_types_ic: [propext, Classical.choice, Quot.sound]
ENV-AUDIT Gershkov.Smoothing Gershkov.sum_change_two: [propext, Classical.choice, Quot.sound]
ENV-AUDIT Gershkov.Compactness Gershkov.Feasible.eq_1: [propext, Classical.choice, Quot.sound]
ENV-AUDIT Gershkov.Examples Gershkov.Examples.interim_utilities_equal: [propext, Classical.choice, Quot.sound]
ENV-AUDIT Gershkov.Smoothing Gershkov.mixPair_energy_lt: [propext, Classical.choice, Quot.sound]
ENV-AUDIT Gershkov.Transfers Gershkov.Transfers.transfer.eq_1: [propext, Classical.choice, Quot.sound]
ENV-AUDIT Gershkov.Transfers Gershkov.Transfers.pair_bounds_of_adjacent: [propext, Classical.choice, Quot.sound]
ENV-AUDIT Solution GGKMS.SupportPrior: [propext, Classical.choice, Quot.sound]
ENV-AUDIT Gershkov.Smoothing Gershkov.mixPair_right: [propext, Classical.choice, Quot.sound]
ENV-AUDIT Gershkov.Transfers Gershkov.Transfers.mean_sub: [propext, Classical.choice, Quot.sound]
ENV-AUDIT Gershkov.Lifting Gershkov.crossing_context: [propext, Classical.choice, Quot.sound]
ENV-AUDIT Gershkov.Examples Gershkov.Examples.lifted._proof_3: [propext]
ENV-AUDIT Gershkov.Compactness Gershkov.Matches.eq_1: [propext, Classical.choice, Quot.sound]
ENV-AUDIT Gershkov.Mechanism Gershkov.interimPayoff.congr_simp: [propext, Classical.choice, Quot.sound]
ENV-AUDIT Gershkov.Transfers Gershkov.Transfers.modified_transfer_exists: [propext, Classical.choice, Quot.sound]
ENV-AUDIT Gershkov.Support Gershkov.product_expectation_on_support: [propext, Classical.choice, Quot.sound]
ENV-AUDIT Gershkov.Examples Gershkov.Examples.original.eq_1: [propext, Classical.choice, Quot.sound]
ENV-AUDIT Solution GGKMS.slope: [propext, Classical.choice, Quot.sound]
ENV-AUDIT Gershkov.Equivalence Gershkov.finite_bayesian_dominant_equivalence: [propext, Classical.choice, Quot.sound]
ENV-AUDIT Gershkov.Smoothing Gershkov.energy: [propext, Classical.choice, Quot.sound]
ENV-AUDIT Gershkov.Model Gershkov.joint_pos: [propext, Classical.choice, Quot.sound]
ENV-AUDIT Gershkov.Model Gershkov.opponentMass_pos: [propext, Classical.choice, Quot.sound]
ENV-AUDIT Gershkov.Support Gershkov.expectation_on_support: [propext, Classical.choice, Quot.sound]
ENV-AUDIT Gershkov.Examples Gershkov.Examples.lifted.eq_1: [propext, Classical.choice, Quot.sound]
ENV-AUDIT Gershkov.Transfers Gershkov.Transfers.edge: [propext, Classical.choice, Quot.sound]
ENV-AUDIT Gershkov.Transfers Gershkov.Transfers.constructed_transfer_mean: [propext, Classical.choice, Quot.sound]
ENV-AUDIT Gershkov.Support Gershkov.support_nonempty: [propext, Classical.choice, Quot.sound]
ENV-AUDIT Gershkov.Transfers Gershkov.Transfers.coefficient_bounds: [propext, Classical.choice, Quot.sound]
ENV-AUDIT Gershkov.Model Gershkov.pack_injective: [propext, Classical.choice, Quot.sound]
ENV-AUDIT Solution GGKMS.Profile: []
ENV-AUDIT Gershkov.Mechanism Gershkov.payoff_modified: [propext, Classical.choice, Quot.sound]
ENV-AUDIT Gershkov.Transfers Gershkov.Transfers.coefficient: [propext, Classical.choice, Quot.sound]
ENV-AUDIT Solution GGKMS.PositiveSupport: [propext, Classical.choice, Quot.sound]
ENV-AUDIT Gershkov.Mechanism Gershkov.exAnte.congr_simp: [propext, Classical.choice, Quot.sound]
ENV-AUDIT Gershkov.Lifting Gershkov.doubleMix.congr_simp: [propext, Classical.choice, Quot.sound]
ENV-AUDIT Gershkov.Model Gershkov.Matches: [propext, Classical.choice, Quot.sound]
ENV-AUDIT Gershkov.Model Gershkov.Profile: []
ENV-AUDIT Gershkov.Smoothing Gershkov.mixPair.eq_1: [propext, Classical.choice, Quot.sound]
ENV-AUDIT Gershkov.Examples Gershkov.Examples.secondTransfer.eq_1: [propext, Classical.choice, Quot.sound]
ENV-AUDIT Gershkov.Model Gershkov.interim_mul: [propext, Classical.choice, Quot.sound]
ENV-AUDIT Gershkov.Support Gershkov.support_normalized: [propext, Classical.choice, Quot.sound]
ENV-AUDIT Gershkov.Mechanism Gershkov.Types: []
ENV-AUDIT Gershkov.Compactness Gershkov.energy_continuous: [propext, Classical.choice, Quot.sound]
ENV-AUDIT Gershkov.Examples Gershkov.Examples.negativeTypes: [propext, Classical.choice, Quot.sound]
ENV-AUDIT Gershkov.Examples Gershkov.Examples.firstSlope.eq_1: [propext, Classical.choice, Quot.sound]
ENV-AUDIT Gershkov.Examples Gershkov.Examples.exAnte_on_probability: [propext, Classical.choice, Quot.sound]
ENV-AUDIT Gershkov.Support Gershkov.PositiveSupport: [propext, Classical.choice, Quot.sound]
ENV-AUDIT Gershkov.Transfers Gershkov.Transfers.monotone_of_ic: [propext, Classical.choice, Quot.sound]
ENV-AUDIT PASS: 216 authored constants, including generated helpers
