'Gershkov.feasible_entry_le_one' depends on axioms: [propext, Classical.choice, Quot.sound]
'Gershkov.feasible_isClosed' depends on axioms: [propext, Classical.choice, Quot.sound]
'Gershkov.slope_continuous' depends on axioms: [propext, Classical.choice, Quot.sound]
'Gershkov.alternative_continuous' depends on axioms: [propext, Classical.choice, Quot.sound]
'Gershkov.matches_isClosed' depends on axioms: [propext, Classical.choice, Quot.sound]
'Gershkov.matches_isCompact' depends on axioms: [propext, Classical.choice, Quot.sound]
'Gershkov.energy_continuous' depends on axioms: [propext, Classical.choice, Quot.sound]
'Gershkov.exists_minimizer' depends on axioms: [propext, Classical.choice, Quot.sound]
'Gershkov.transfers_for_matching_allocation' depends on axioms: [propext, Classical.choice, Quot.sound]
'Gershkov.finite_bayesian_dominant_equivalence' depends on axioms: [propext, Classical.choice, Quot.sound]
'Gershkov.Examples.types' depends on axioms: [propext, Classical.choice, Quot.sound]
'Gershkov.Examples.firstPrior' depends on axioms: [propext, Classical.choice, Quot.sound]
'Gershkov.Examples.secondPrior' depends on axioms: [propext, Classical.choice, Quot.sound]
'Gershkov.Examples.original' depends on axioms: [propext, Classical.choice, Quot.sound]
'Gershkov.Examples.lifted' depends on axioms: [propext, Classical.choice, Quot.sound]
'Gershkov.Examples.firstSlope' depends on axioms: [propext, Classical.choice, Quot.sound]
'Gershkov.Examples.secondSlope' depends on axioms: [propext, Classical.choice, Quot.sound]
'Gershkov.Examples.firstTransfer' depends on axioms: [propext, Classical.choice, Quot.sound]
'Gershkov.Examples.secondTransfer' depends on axioms: [propext, Classical.choice, Quot.sound]
'Gershkov.Examples.allocation' depends on axioms: [propext, Classical.choice, Quot.sound]
'Gershkov.Examples.priors_positive_normalized' depends on axioms: [propext, Classical.choice, Quot.sound]
'Gershkov.Examples.types_strictMono' depends on axioms: [propext, Classical.choice, Quot.sound]
'Gershkov.Examples.allocations_feasible' depends on axioms: [propext, Classical.choice, Quot.sound]
'Gershkov.Examples.weighted_marginals' depends on axioms: [propext, Classical.choice, Quot.sound]
'Gershkov.Examples.original_bic' depends on axioms: [propext, Classical.choice, Quot.sound]
'Gershkov.Examples.original_not_dic' depends on axioms: [propext, Classical.choice, Quot.sound]
'Gershkov.Examples.lifted_dic' depends on axioms: [propext, Classical.choice, Quot.sound]
'Gershkov.Examples.exAnte_on_probability' depends on axioms: [propext, Classical.choice, Quot.sound]
'Gershkov.Examples.constantSurplus' depends on axioms: [propext, Classical.choice, Quot.sound]
'Gershkov.Examples.nonzero_constants_surplus' depends on axioms: [propext, Classical.choice, Quot.sound]
'Gershkov.Examples.interim_utilities_equal' depends on axioms: [propext, Classical.choice, Quot.sound]
'Gershkov.Examples.flat_coefficient' depends on axioms: [propext, Classical.choice, Quot.sound]
'Gershkov.Examples.negativeTypes' depends on axioms: [propext, Classical.choice, Quot.sound]
'Gershkov.Examples.negative_types_ic' depends on axioms: [propext, Classical.choice, Quot.sound]
'Gershkov.Examples.singleton_transfer' depends on axioms: [propext, Classical.choice, Quot.sound]
'Gershkov.crossing_context' depends on axioms: [propext, Classical.choice, Quot.sound]
'Gershkov.improving_perturbation' depends on axioms: [propext, Classical.choice, Quot.sound]
'Gershkov.minimizer_monotone' depends on axioms: [propext, Classical.choice, Quot.sound]
'Gershkov.weighted_monotone_lifting' depends on axioms: [propext, Classical.choice, Quot.sound]
'Gershkov.Types' does not depend on any axioms
'Gershkov.modified' depends on axioms: [propext, Classical.choice, Quot.sound]
'Gershkov.payoff' depends on axioms: [propext, Classical.choice, Quot.sound]
'Gershkov.interimPayoff' depends on axioms: [propext, Classical.choice, Quot.sound]
'Gershkov.BIC' depends on axioms: [propext, Classical.choice, Quot.sound]
'Gershkov.DIC' depends on axioms: [propext, Classical.choice, Quot.sound]
'Gershkov.modifiedInterim' depends on axioms: [propext, Classical.choice, Quot.sound]
'Gershkov.payoff_modified' depends on axioms: [propext, Classical.choice, Quot.sound]
'Gershkov.interimPayoff_modified' depends on axioms: [propext, Classical.choice, Quot.sound]
'Gershkov.bic_scalar' depends on axioms: [propext, Classical.choice, Quot.sound]
'Gershkov.socialSurplus' depends on axioms: [propext, Classical.choice, Quot.sound]
'Gershkov.exAnte_value' depends on axioms: [propext, Classical.choice, Quot.sound]
'Gershkov.exAnte_typeValue' depends on axioms: [propext, Classical.choice, Quot.sound]
'Gershkov.surplus_matches' depends on axioms: [propext, Classical.choice, Quot.sound]
'Gershkov.exAnte_transfers_match' depends on axioms: [propext, Classical.choice, Quot.sound]
'Gershkov.Profile' does not depend on any axioms
'Gershkov.Opponents' does not depend on any axioms
'Gershkov.pack' depends on axioms: [propext, Classical.choice, Quot.sound]
'Gershkov.pack_self' depends on axioms: [propext, Classical.choice, Quot.sound]
'Gershkov.pack_other' depends on axioms: [propext, Classical.choice, Quot.sound]
'Gershkov.pack_split' depends on axioms: [propext, Classical.choice, Quot.sound]
'Gershkov.pack_injective' depends on axioms: [propext, Classical.choice, Quot.sound]
'Gershkov.joint' depends on axioms: [propext, Classical.choice, Quot.sound]
'Gershkov.opponentMass' depends on axioms: [propext, Classical.choice, Quot.sound]
'Gershkov.SupportPrior' depends on axioms: [propext, Classical.choice, Quot.sound]
'Gershkov.joint_pos' depends on axioms: [propext, Classical.choice, Quot.sound]
'Gershkov.opponentMass_pos' depends on axioms: [propext, Classical.choice, Quot.sound]
'Gershkov.joint_pack' depends on axioms: [propext, Classical.choice, Quot.sound]
'Gershkov.joint_sum' depends on axioms: [propext, Classical.choice, Quot.sound]
'Gershkov.opponentMass_sum' depends on axioms: [propext, Classical.choice, Quot.sound]
'Gershkov.interim' depends on axioms: [propext, Classical.choice, Quot.sound]
'Gershkov.exAnte' depends on axioms: [propext, Classical.choice, Quot.sound]
'Gershkov.fiber_moment' depends on axioms: [propext, Classical.choice, Quot.sound]
'Gershkov.exAnte_interim' depends on axioms: [propext, Classical.choice, Quot.sound]
'Gershkov.interim_const' depends on axioms: [propext, Classical.choice, Quot.sound]
'Gershkov.interim_add' depends on axioms: [propext, Classical.choice, Quot.sound]
'Gershkov.interim_sub' depends on axioms: [propext, Classical.choice, Quot.sound]
'Gershkov.interim_mul' depends on axioms: [propext, Classical.choice, Quot.sound]
'Gershkov.slope' depends on axioms: [propext, Classical.choice, Quot.sound]
'Gershkov.Matches' depends on axioms: [propext, Classical.choice, Quot.sound]
'Gershkov.value' depends on axioms: [propext, Classical.choice, Quot.sound]
'Gershkov.Feasible' depends on axioms: [propext, Classical.choice, Quot.sound]
'Gershkov.energy' depends on axioms: [propext, Classical.choice, Quot.sound]
'Gershkov.mixPair' depends on axioms: [propext, Classical.choice, Quot.sound]
'Gershkov.sum_change_two' depends on axioms: [propext, Classical.choice, Quot.sound]
'Gershkov.mixPair_left' depends on axioms: [propext, Classical.choice, Quot.sound]
'Gershkov.mixPair_right' depends on axioms: [propext, Classical.choice, Quot.sound]
'Gershkov.mixPair_other' depends on axioms: [propext, Classical.choice, Quot.sound]
'Gershkov.value_mixPair_left' depends on axioms: [propext, Classical.choice, Quot.sound]
'Gershkov.value_mixPair_right' depends on axioms: [propext, Classical.choice, Quot.sound]
'Gershkov.mixPair_feasible' depends on axioms: [propext, Classical.choice, Quot.sound]
'Gershkov.mixPair_moment' depends on axioms: [propext, Classical.choice, Quot.sound]
'Gershkov.mixPair_energy' depends on axioms: [propext, Classical.choice, Quot.sound]
'Gershkov.mixPair_energy_lt' depends on axioms: [propext, Classical.choice, Quot.sound]
'Gershkov.doubleMix' depends on axioms: [propext, Classical.choice, Quot.sound]
'Gershkov.doubleMix_moment' depends on axioms: [propext, Classical.choice, Quot.sound]
'Gershkov.doubleMix_energy_lt' depends on axioms: [propext, Classical.choice, Quot.sound]
'Gershkov.PositiveSupport' depends on axioms: [propext, Classical.choice, Quot.sound]
'Gershkov.positiveSupportFintype' depends on axioms: [propext, Classical.choice, Quot.sound]
'Gershkov.positiveSupportDecidableEq' depends on axioms: [propext, Classical.choice, Quot.sound]
'Gershkov.expectation_on_support' depends on axioms: [propext, Classical.choice, Quot.sound]
'Gershkov.support_normalized' depends on axioms: [propext, Classical.choice, Quot.sound]
'Gershkov.support_nonempty' depends on axioms: [propext, Classical.choice, Quot.sound]
'Gershkov.product_expectation_on_support' depends on axioms: [propext, Classical.choice, Quot.sound]
'Gershkov.opponent_expectation_on_support' depends on axioms: [propext, Classical.choice, Quot.sound]
'Gershkov.Transfers.ScalarIC' depends on axioms: [propext, Classical.choice, Quot.sound]
'Gershkov.Transfers.AdjacentIC' depends on axioms: [propext, Classical.choice, Quot.sound]
'Gershkov.Transfers.adjacent_of_ic' depends on axioms: [propext, Classical.choice, Quot.sound]
'Gershkov.Transfers.monotone_of_ic' depends on axioms: [propext, Classical.choice, Quot.sound]
'Gershkov.Transfers.coefficient' depends on axioms: [propext, Classical.choice, Quot.sound]
'Gershkov.Transfers.coefficient_bounds' depends on axioms: [propext, Classical.choice, Quot.sound]
'Gershkov.Transfers.coefficient_transfer_delta' depends on axioms: [propext, Classical.choice, Quot.sound]
'Gershkov.Transfers.pair_bounds_of_adjacent' depends on axioms: [propext, Classical.choice, Quot.sound]
'Gershkov.Transfers.ic_of_adjacent' depends on axioms: [propext, Classical.choice, Quot.sound]
'Gershkov.Transfers.scalarIC_iff_monotone_adjacent' depends on axioms: [propext, Classical.choice, Quot.sound]
'Gershkov.Transfers.edge' depends on axioms: [propext, Classical.choice, Quot.sound]
'Gershkov.Transfers.transfer' depends on axioms: [propext, Classical.choice, Quot.sound]
'Gershkov.Transfers.transfer_zero' depends on axioms: [propext, Classical.choice, Quot.sound]
'Gershkov.Transfers.Iio_succ_eq_insert' depends on axioms: [propext, Classical.choice, Quot.sound]
'Gershkov.Transfers.transfer_adjacent_delta' depends on axioms: [propext, Classical.choice, Quot.sound]
'Gershkov.Transfers.constructed_transfer_ic' depends on axioms: [propext, Classical.choice, Quot.sound]
'Gershkov.Transfers.mean' depends on axioms: [propext, Classical.choice, Quot.sound]
'Gershkov.Transfers.mean_sub' depends on axioms: [propext, Classical.choice, Quot.sound]
'Gershkov.Transfers.mean_mul' depends on axioms: [propext, Classical.choice, Quot.sound]
'Gershkov.Transfers.mean_const' depends on axioms: [propext, Classical.choice, Quot.sound]
'Gershkov.Transfers.constructed_transfer_mean' depends on axioms: [propext, Classical.choice, Quot.sound]
'Gershkov.Transfers.modified_transfer_exists' depends on axioms: [propext, Classical.choice, Quot.sound]
'GGKMS.value' depends on axioms: [propext, Classical.choice, Quot.sound]
'GGKMS.Feasible' depends on axioms: [propext, Classical.choice, Quot.sound]
'GGKMS.energy' depends on axioms: [propext, Classical.choice, Quot.sound]
'GGKMS.Profile' does not depend on any axioms
'GGKMS.Opponents' does not depend on any axioms
'GGKMS.pack' depends on axioms: [propext, Classical.choice, Quot.sound]
'GGKMS.joint' depends on axioms: [propext, Classical.choice, Quot.sound]
'GGKMS.opponentMass' depends on axioms: [propext, Classical.choice, Quot.sound]
'GGKMS.SupportPrior' depends on axioms: [propext, Classical.choice, Quot.sound]
'GGKMS.interim' depends on axioms: [propext, Classical.choice, Quot.sound]
'GGKMS.exAnte' depends on axioms: [propext, Classical.choice, Quot.sound]
'GGKMS.slope' depends on axioms: [propext, Classical.choice, Quot.sound]
'GGKMS.Matches' depends on axioms: [propext, Classical.choice, Quot.sound]
'GGKMS.Types' does not depend on any axioms
'GGKMS.modified' depends on axioms: [propext, Classical.choice, Quot.sound]
'GGKMS.payoff' depends on axioms: [propext, Classical.choice, Quot.sound]
'GGKMS.interimPayoff' depends on axioms: [propext, Classical.choice, Quot.sound]
'GGKMS.BIC' depends on axioms: [propext, Classical.choice, Quot.sound]
'GGKMS.DIC' depends on axioms: [propext, Classical.choice, Quot.sound]
'GGKMS.modifiedInterim' depends on axioms: [propext, Classical.choice, Quot.sound]
'GGKMS.socialSurplus' depends on axioms: [propext, Classical.choice, Quot.sound]
'GGKMS.Transfers.ScalarIC' depends on axioms: [propext, Classical.choice, Quot.sound]
'GGKMS.Transfers.AdjacentIC' depends on axioms: [propext, Classical.choice, Quot.sound]
'GGKMS.PositiveSupport' depends on axioms: [propext, Classical.choice, Quot.sound]
'GGKMS.positiveSupportFintype' depends on axioms: [propext, Classical.choice, Quot.sound]
'GGKMS.positiveSupportDecidableEq' depends on axioms: [propext, Classical.choice, Quot.sound]
'GGKMS.finite_bayesian_dominant_equivalence' depends on axioms: [propext, Classical.choice, Quot.sound]
'GGKMS.weighted_monotone_lifting' depends on axioms: [propext, Classical.choice, Quot.sound]
'GGKMS.minimizer_monotone' depends on axioms: [propext, Classical.choice, Quot.sound]
'GGKMS.Transfers.scalarIC_iff_monotone_adjacent' depends on axioms: [propext, Classical.choice, Quot.sound]
'GGKMS.expectation_on_support' depends on axioms: [propext, Classical.choice, Quot.sound]
'GGKMS.product_expectation_on_support' depends on axioms: [propext, Classical.choice, Quot.sound]
