⚠ [3092/3094] Replayed Gershkov.Smoothing
warning: Gershkov/Smoothing.lean:43:0: automatically included section variable(s) unused in theorem `Gershkov.mixPair_left`:
  [Fintype P]
  [Fintype K]
consider restructuring your `variable` declarations so that the variables are not in scope or explicitly omit them:
  omit [Fintype P] [Fintype K] in theorem ...

Note: This linter can be disabled with `set_option linter.unusedSectionVars false`
warning: Gershkov/Smoothing.lean:47:0: automatically included section variable(s) unused in theorem `Gershkov.mixPair_right`:
  [Fintype P]
  [Fintype K]
consider restructuring your `variable` declarations so that the variables are not in scope or explicitly omit them:
  omit [Fintype P] [Fintype K] in theorem ...

Note: This linter can be disabled with `set_option linter.unusedSectionVars false`
warning: Gershkov/Smoothing.lean:52:0: automatically included section variable(s) unused in theorem `Gershkov.mixPair_other`:
  [Fintype P]
  [Fintype K]
consider restructuring your `variable` declarations so that the variables are not in scope or explicitly omit them:
  omit [Fintype P] [Fintype K] in theorem ...

Note: This linter can be disabled with `set_option linter.unusedSectionVars false`
warning: Gershkov/Smoothing.lean:56:0: automatically included section variable(s) unused in theorem `Gershkov.value_mixPair_left`:
  [Fintype I]
consider restructuring your `variable` declarations so that the variables are not in scope or explicitly omit them:
  omit [Fintype I] in theorem ...

Note: This linter can be disabled with `set_option linter.unusedSectionVars false`
warning: Gershkov/Smoothing.lean:65:0: automatically included section variable(s) unused in theorem `Gershkov.value_mixPair_right`:
  [Fintype I]
consider restructuring your `variable` declarations so that the variables are not in scope or explicitly omit them:
  omit [Fintype I] in theorem ...

Note: This linter can be disabled with `set_option linter.unusedSectionVars false`
warning: Gershkov/Smoothing.lean:74:0: automatically included section variable(s) unused in theorem `Gershkov.mixPair_feasible`:
  [Fintype P]
consider restructuring your `variable` declarations so that the variables are not in scope or explicitly omit them:
  omit [Fintype P] in theorem ...

Note: This linter can be disabled with `set_option linter.unusedSectionVars false`
warning: Gershkov/Smoothing.lean:106:2: Used `tac1 <;> tac2` where `(tac1; tac2)` would suffice

Note: This linter can be disabled with `set_option linter.unnecessarySeqFocus false`
warning: Gershkov/Smoothing.lean:120:2: Used `tac1 <;> tac2` where `(tac1; tac2)` would suffice

Note: This linter can be disabled with `set_option linter.unnecessarySeqFocus false`
⚠ [3093/3094] Replayed Gershkov.Model
warning: Gershkov/Model.lean:20:8: automatically included section variable(s) unused in theorem `Gershkov.pack_self`:
  [Fintype I]
  [(i : I) → Fintype (T i)]
  [(i : I) → DecidableEq (T i)]
consider restructuring your `variable` declarations so that the variables are not in scope or explicitly omit them:
  omit [Fintype I] [(i : I) → Fintype (T i)] [(i : I) → DecidableEq (T i)] in theorem ...

Note: This linter can be disabled with `set_option linter.unusedSectionVars false`
warning: Gershkov/Model.lean:23:8: automatically included section variable(s) unused in theorem `Gershkov.pack_other`:
  [Fintype I]
  [(i : I) → Fintype (T i)]
  [(i : I) → DecidableEq (T i)]
consider restructuring your `variable` declarations so that the variables are not in scope or explicitly omit them:
  omit [Fintype I] [(i : I) → Fintype (T i)] [(i : I) → DecidableEq (T i)] in theorem ...

Note: This linter can be disabled with `set_option linter.unusedSectionVars false`
warning: Gershkov/Model.lean:27:8: automatically included section variable(s) unused in theorem `Gershkov.pack_split`:
  [Fintype I]
  [(i : I) → Fintype (T i)]
  [(i : I) → DecidableEq (T i)]
consider restructuring your `variable` declarations so that the variables are not in scope or explicitly omit them:
  omit [Fintype I] [(i : I) → Fintype (T i)] [(i : I) → DecidableEq (T i)] in theorem ...

Note: This linter can be disabled with `set_option linter.unusedSectionVars false`
warning: Gershkov/Model.lean:30:0: automatically included section variable(s) unused in theorem `Gershkov.pack_injective`:
  [Fintype I]
  [(i : I) → Fintype (T i)]
  [(i : I) → DecidableEq (T i)]
consider restructuring your `variable` declarations so that the variables are not in scope or explicitly omit them:
  omit [Fintype I] [(i : I) → Fintype (T i)] [(i : I) → DecidableEq (T i)] in theorem ...

Note: This linter can be disabled with `set_option linter.unusedSectionVars false`
warning: Gershkov/Model.lean:40:0: automatically included section variable(s) unused in theorem `Gershkov.joint_pos`:
  [DecidableEq I]
  [(i : I) → DecidableEq (T i)]
consider restructuring your `variable` declarations so that the variables are not in scope or explicitly omit them:
  omit [DecidableEq I] [(i : I) → DecidableEq (T i)] in theorem ...

Note: This linter can be disabled with `set_option linter.unusedSectionVars false`
warning: Gershkov/Model.lean:43:0: automatically included section variable(s) unused in theorem `Gershkov.opponentMass_pos`:
  [(i : I) → DecidableEq (T i)]
consider restructuring your `variable` declarations so that the variables are not in scope or explicitly omit them:
  omit [(i : I) → DecidableEq (T i)] in theorem ...

Note: This linter can be disabled with `set_option linter.unusedSectionVars false`
warning: Gershkov/Model.lean:58:0: automatically included section variable(s) unused in theorem `Gershkov.joint_sum`:
  [(i : I) → DecidableEq (T i)]
consider restructuring your `variable` declarations so that the variables are not in scope or explicitly omit them:
  omit [(i : I) → DecidableEq (T i)] in theorem ...

Note: This linter can be disabled with `set_option linter.unusedSectionVars false`
warning: Gershkov/Model.lean:63:0: automatically included section variable(s) unused in theorem `Gershkov.opponentMass_sum`:
  [(i : I) → DecidableEq (T i)]
consider restructuring your `variable` declarations so that the variables are not in scope or explicitly omit them:
  omit [(i : I) → DecidableEq (T i)] in theorem ...

Note: This linter can be disabled with `set_option linter.unusedSectionVars false`
warning: Gershkov/Model.lean:94:0: automatically included section variable(s) unused in theorem `Gershkov.interim_add`:
  [(i : I) → DecidableEq (T i)]
consider restructuring your `variable` declarations so that the variables are not in scope or explicitly omit them:
  omit [(i : I) → DecidableEq (T i)] in theorem ...

Note: This linter can be disabled with `set_option linter.unusedSectionVars false`
warning: Gershkov/Model.lean:98:0: automatically included section variable(s) unused in theorem `Gershkov.interim_sub`:
  [(i : I) → DecidableEq (T i)]
consider restructuring your `variable` declarations so that the variables are not in scope or explicitly omit them:
  omit [(i : I) → DecidableEq (T i)] in theorem ...

Note: This linter can be disabled with `set_option linter.unusedSectionVars false`
warning: Gershkov/Model.lean:102:0: automatically included section variable(s) unused in theorem `Gershkov.interim_mul`:
  [(i : I) → DecidableEq (T i)]
consider restructuring your `variable` declarations so that the variables are not in scope or explicitly omit them:
  omit [(i : I) → DecidableEq (T i)] in theorem ...

Note: This linter can be disabled with `set_option linter.unusedSectionVars false`
⚠ [3094/3094] Built Gershkov.Support (6.0s)
warning: Gershkov/Support.lean:20:0: automatically included section variable(s) unused in theorem `Gershkov.expectation_on_support`:
  [DecidableEq A]
consider restructuring your `variable` declarations so that the variables are not in scope or explicitly omit them:
  omit [DecidableEq A] in theorem ...

Note: This linter can be disabled with `set_option linter.unusedSectionVars false`
warning: Gershkov/Support.lean:39:2: Try this:
  haveI̵

The goal is a proposition, so `have` is preferred over `haveI`.
The difference between `have` and `haveI` is that `haveI` inlines the value.
But this is not relevant for proofs because of proof irrelevance.

Note: This linter can be disabled with `set_option linter.style.haveILetI false`
warning: Gershkov/Support.lean:55:2: Try this:
  letI̵

The goal is a proposition, so `let` is preferred over `letI`.
The difference between `let` and `letI` is that `letI` inlines the value.
But this is not relevant for proofs because of proof irrelevance.

Note: This linter can be disabled with `set_option linter.style.haveILetI false`
warning: Gershkov/Support.lean:64:17: `Set.mem_setOf_eq` has been deprecated: Use `Set.mem_ofPred_eq` instead

Hint: Replace the deprecated name:
  S̵e̵t̵.̵m̵e̵m̵_̵s̵e̵t̵O̵f̵_̵e̵q̵S̲e̲t̲.̲m̲e̲m̲_̲o̲f̲P̲r̲e̲d̲_̲e̲q̲
warning: Gershkov/Support.lean:49:0: automatically included section variable(s) unused in theorem `Gershkov.product_expectation_on_support`:
  [(i : I) → DecidableEq (T i)]
consider restructuring your `variable` declarations so that the variables are not in scope or explicitly omit them:
  omit [(i : I) → DecidableEq (T i)] in theorem ...

Note: This linter can be disabled with `set_option linter.unusedSectionVars false`
Build completed successfully (3094 jobs).
